// Jest Snapshot v1, https://goo.gl/fbAQLP

exports[`/ request 1`] = `""`;

exports[`/ request 2`] = `[Error: Request failed with status code 404]`;
